
ROM used: 104 (3%)
          104 (3%) including unused fragments

          0 Average locations per line
          7 Average locations per statement

RAM used: 6 (3%) at main() level
          7 (4%) worst case

Lines Stmts  %   Files
----- ----- ---  -----
   23    14 100  C:\PICC\alunosmatinscastro\vermelho2segundos.c
  277     0   0  C:\PICC\alunosmatinscastro\16F874.h
----- -----
  600    28 Total

Page ROM  %  RAM  Functions:
---- --- --- ---  ----------
0     12  12   1  @delay_ms1
0     88  85   1  main

 Segment   Used  Free
---------  ----  ----
00000-00003     4  0
00004-007FF   100  1944
00800-00FFF     0  2048

