***  Installation Started 05/03/2021 23:06  ***
Title: CCS Download Manager Installation
Source: C:\Users\paulo\DOCUME~1\CCS_PR~1\SETUP_~1.EXE | 05-03-2021 | 21:52:22 | 2261208
File Copy: C:\Program Files (x86)\PICC\ccsdownload.exe | 03-03-2017 | 10:06:26 | 5.32.3.10 | 3558616 | 4ead9e3d
RegDB Key: Software\Microsoft\Windows\CurrentVersion\Uninstall\CCS Download Manager
RegDB Val: 1.xx
RegDB Name: DisplayVersion
RegDB Root: 2
RegDB Old: 1.xx
RegDB Key: Software\Microsoft\Windows\CurrentVersion\Uninstall\CCS Download Manager
RegDB Val: www.ccsinfo.com/techsupport.shtml
RegDB Name: HelpLink
RegDB Root: 2
RegDB Old: www.ccsinfo.com/techsupport.shtml
RegDB Key: Software\Microsoft\Windows\CurrentVersion\Uninstall\CCS Download Manager
RegDB Val: 262-522-6500 x32
RegDB Name: HelpTelephone
RegDB Root: 2
RegDB Old: 262-522-6500 x32
RegDB Key: Software\Microsoft\Windows\CurrentVersion\Uninstall\CCS Download Manager
RegDB Val: CCS Inc.
RegDB Name: Publisher
RegDB Root: 2
RegDB Old: CCS Inc.
RegDB Key: Software\Microsoft\Windows\CurrentVersion\Uninstall\CCS Download Manager
RegDB Val: www.ccsinfo.com/techsupport.shtml
RegDB Name: URLInfoAbout
RegDB Root: 2
RegDB Old: www.ccsinfo.com/techsupport.shtml
***  Installation Started 05/03/2021 23:07  ***
Title: CCS Download Manager Installation
Source: C:\Users\paulo\AppData\Roaming\PICC\Archive\SETUP_~4.EXE | 05-03-2021 | 23:07:00 | 2261208
File Overwrite: C:\Program Files (x86)\PICC\ccsdownload.exe | 03-03-2017 | 10:06:26 | 5.32.3.10 | 3558616 | 4ead9e3d
RegDB Key: Software\Microsoft\Windows\CurrentVersion\Uninstall\CCS Download Manager
RegDB Val: 1.xx
RegDB Name: DisplayVersion
RegDB Root: 2
RegDB Old: 1.xx
RegDB Key: Software\Microsoft\Windows\CurrentVersion\Uninstall\CCS Download Manager
RegDB Val: www.ccsinfo.com/techsupport.shtml
RegDB Name: HelpLink
RegDB Root: 2
RegDB Old: www.ccsinfo.com/techsupport.shtml
RegDB Key: Software\Microsoft\Windows\CurrentVersion\Uninstall\CCS Download Manager
RegDB Val: 262-522-6500 x32
RegDB Name: HelpTelephone
RegDB Root: 2
RegDB Old: 262-522-6500 x32
RegDB Key: Software\Microsoft\Windows\CurrentVersion\Uninstall\CCS Download Manager
RegDB Val: CCS Inc.
RegDB Name: Publisher
RegDB Root: 2
RegDB Old: CCS Inc.
RegDB Key: Software\Microsoft\Windows\CurrentVersion\Uninstall\CCS Download Manager
RegDB Val: www.ccsinfo.com/techsupport.shtml
RegDB Name: URLInfoAbout
RegDB Root: 2
RegDB Old: www.ccsinfo.com/techsupport.shtml
***  Installation Started 05/03/2021 23:07  ***
Title: CCS Download Manager Installation
Source: C:\Users\paulo\AppData\Roaming\PICC\Archive\SETUP_~4.EXE | 05-03-2021 | 23:07:40 | 2261208
File Overwrite: C:\Program Files (x86)\PICC\ccsdownload.exe | 03-03-2017 | 10:06:26 | 5.32.3.10 | 3558616 | 4ead9e3d
RegDB Key: Software\Microsoft\Windows\CurrentVersion\Uninstall\CCS Download Manager
RegDB Val: 1.xx
RegDB Name: DisplayVersion
RegDB Root: 2
RegDB Old: 1.xx
RegDB Key: Software\Microsoft\Windows\CurrentVersion\Uninstall\CCS Download Manager
RegDB Val: www.ccsinfo.com/techsupport.shtml
RegDB Name: HelpLink
RegDB Root: 2
RegDB Old: www.ccsinfo.com/techsupport.shtml
RegDB Key: Software\Microsoft\Windows\CurrentVersion\Uninstall\CCS Download Manager
RegDB Val: 262-522-6500 x32
RegDB Name: HelpTelephone
RegDB Root: 2
RegDB Old: 262-522-6500 x32
RegDB Key: Software\Microsoft\Windows\CurrentVersion\Uninstall\CCS Download Manager
RegDB Val: CCS Inc.
RegDB Name: Publisher
RegDB Root: 2
RegDB Old: CCS Inc.
RegDB Key: Software\Microsoft\Windows\CurrentVersion\Uninstall\CCS Download Manager
RegDB Val: www.ccsinfo.com/techsupport.shtml
RegDB Name: URLInfoAbout
RegDB Root: 2
RegDB Old: www.ccsinfo.com/techsupport.shtml
