CCS PCM C Compiler, Version 3.203, 16465

               Filename: C:\PICC\semaforoINTELIGENTE.LST

               ROM used: 675 words (16%)
                         Largest free fragment is 2048
               RAM used: 20 (11%) at main() level
                         40 (21%) worst case
               Stack:    3 worst case (2 in main + 1 for interrupts)

*
0000:  MOVLW  00
0001:  MOVWF  0A
0002:  GOTO   20B
0003:  NOP
0004:  MOVWF  7F
0005:  SWAPF  03,W
0006:  CLRF   03
0007:  MOVWF  26
0008:  MOVF   7F,W
0009:  MOVWF  25
000A:  MOVF   0A,W
000B:  MOVWF  2D
000C:  CLRF   0A
000D:  SWAPF  25,F
000E:  MOVF   04,W
000F:  MOVWF  27
0010:  MOVF   20,W
0011:  MOVWF  28
0012:  MOVF   21,W
0013:  MOVWF  29
0014:  MOVF   22,W
0015:  MOVWF  2A
0016:  MOVF   23,W
0017:  MOVWF  2B
0018:  MOVF   24,W
0019:  MOVWF  2C
001A:  BCF    03.7
001B:  BCF    03.5
001C:  BTFSS  0B.3
001D:  GOTO   020
001E:  BTFSC  0B.0
001F:  GOTO   033
0020:  MOVF   27,W
0021:  MOVWF  04
0022:  MOVF   28,W
0023:  MOVWF  20
0024:  MOVF   29,W
0025:  MOVWF  21
0026:  MOVF   2A,W
0027:  MOVWF  22
0028:  MOVF   2B,W
0029:  MOVWF  23
002A:  MOVF   2C,W
002B:  MOVWF  24
002C:  MOVF   2D,W
002D:  MOVWF  0A
002E:  SWAPF  26,W
002F:  MOVWF  03
0030:  SWAPF  7F,F
0031:  SWAPF  7F,W
0032:  RETFIE
0033:  BCF    0A.3
0034:  GOTO   035
....................  #include "16f874.h"   //Biblioteca do PIC utilizado   
....................  //////// Standard Header file for the PIC16F874 device ////////////////  
.................... #device PIC16F874  
.................... #list  
....................  
....................   
.................... #use delay(clock=1000000)  
*
0050:  MOVLW  34
0051:  MOVWF  04
0052:  MOVF   00,W
0053:  BTFSC  03.2
0054:  GOTO   05B
0055:  MOVLW  52
0056:  MOVWF  20
0057:  DECFSZ 20,F
0058:  GOTO   057
0059:  DECFSZ 00,F
005A:  GOTO   055
005B:  RETLW  00
.................... #fuses XT,NOWDT,NOPUT  
....................   
.................... int fluxo_a = 0;  
*
0213:  BCF    03.5
0214:  CLRF   2E
.................... int fluxo_b = 0;  
0215:  CLRF   2F
.................... int verdeA = 0;  
0216:  CLRF   30
.................... int verdeB = 0;  
0217:  CLRF   31
.................... int tempo = 0;  
0218:  CLRF   32
....................   
.................... #INT_RB  
.................... void trata_rb(){  
.................... 	if(input(PIN_B4) == 0){  
*
0035:  BSF    03.5
0036:  BSF    06.4
0037:  MOVLW  00
0038:  BCF    03.5
0039:  BTFSC  06.4
003A:  MOVLW  01
003B:  XORLW  00
003C:  BTFSS  03.2
003D:  GOTO   041
....................        if(verdeA == 1)  
003E:  DECFSZ 30,W
003F:  GOTO   041
....................        		fluxo_a++;  
0040:  INCF   2E,F
....................     }  
....................    	if(input(PIN_B5) == 0){  
0041:  BSF    03.5
0042:  BSF    06.5
0043:  MOVLW  00
0044:  BCF    03.5
0045:  BTFSC  06.5
0046:  MOVLW  01
0047:  XORLW  00
0048:  BTFSS  03.2
0049:  GOTO   04D
....................         if(verdeB == 1)  
004A:  DECFSZ 31,W
004B:  GOTO   04D
....................        		fluxo_b++;  
004C:  INCF   2F,F
....................     }  
.................... }  
....................   
004D:  BCF    0B.0
004E:  BCF    0A.3
004F:  GOTO   020
.................... int compara(int fluxoA, int fluxoB){  
....................     if(fluxoA <= 1.3*fluxoB){  
*
012F:  CLRF   3E
0130:  MOVF   34,W
0131:  MOVWF  3D
0132:  CALL   05C
0133:  MOVLW  66
0134:  MOVWF  3C
0135:  MOVWF  3B
0136:  MOVLW  26
0137:  MOVWF  3A
0138:  MOVLW  7F
0139:  MOVWF  39
013A:  MOVF   23,W
013B:  MOVWF  40
013C:  MOVF   22,W
013D:  MOVWF  3F
013E:  MOVF   21,W
013F:  MOVWF  3E
0140:  MOVF   20,W
0141:  MOVWF  3D
0142:  CALL   07A
0143:  MOVF   20,W
0144:  MOVWF  35
0145:  MOVF   21,W
0146:  MOVWF  36
0147:  MOVF   22,W
0148:  MOVWF  37
0149:  MOVF   23,W
014A:  MOVWF  38
014B:  CLRF   3E
014C:  MOVF   33,W
014D:  MOVWF  3D
014E:  CALL   05C
014F:  MOVF   23,W
0150:  MOVWF  40
0151:  MOVF   22,W
0152:  MOVWF  3F
0153:  MOVF   21,W
0154:  MOVWF  3E
0155:  MOVF   20,W
0156:  MOVWF  3D
0157:  MOVF   38,W
0158:  MOVWF  44
0159:  MOVF   37,W
015A:  MOVWF  43
015B:  MOVF   36,W
015C:  MOVWF  42
015D:  MOVF   35,W
015E:  MOVWF  41
015F:  CALL   0F0
0160:  BTFSC  03.0
0161:  GOTO   164
0162:  BTFSS  03.2
0163:  GOTO   167
.................... 		return 0;}  
0164:  MOVLW  00
0165:  MOVWF  21
0166:  GOTO   20A
....................     if((fluxoA > 1.3*fluxoB) && (fluxoA <= 1.6*fluxoB)){  
0167:  CLRF   3E
0168:  MOVF   34,W
0169:  MOVWF  3D
016A:  CALL   05C
016B:  MOVLW  66
016C:  MOVWF  3C
016D:  MOVWF  3B
016E:  MOVLW  26
016F:  MOVWF  3A
0170:  MOVLW  7F
0171:  MOVWF  39
0172:  MOVF   23,W
0173:  MOVWF  40
0174:  MOVF   22,W
0175:  MOVWF  3F
0176:  MOVF   21,W
0177:  MOVWF  3E
0178:  MOVF   20,W
0179:  MOVWF  3D
017A:  CALL   07A
017B:  MOVF   20,W
017C:  MOVWF  35
017D:  MOVF   21,W
017E:  MOVWF  36
017F:  MOVF   22,W
0180:  MOVWF  37
0181:  MOVF   23,W
0182:  MOVWF  38
0183:  CLRF   3E
0184:  MOVF   33,W
0185:  MOVWF  3D
0186:  CALL   05C
0187:  MOVF   38,W
0188:  MOVWF  40
0189:  MOVF   37,W
018A:  MOVWF  3F
018B:  MOVF   36,W
018C:  MOVWF  3E
018D:  MOVF   35,W
018E:  MOVWF  3D
018F:  MOVF   23,W
0190:  MOVWF  44
0191:  MOVF   22,W
0192:  MOVWF  43
0193:  MOVF   21,W
0194:  MOVWF  42
0195:  MOVF   20,W
0196:  MOVWF  41
0197:  CALL   0F0
0198:  BTFSS  03.0
0199:  GOTO   1D3
019A:  CLRF   3E
019B:  MOVF   34,W
019C:  MOVWF  3D
019D:  CALL   05C
019E:  MOVLW  CD
019F:  MOVWF  3C
01A0:  MOVLW  CC
01A1:  MOVWF  3B
01A2:  MOVLW  4C
01A3:  MOVWF  3A
01A4:  MOVLW  7F
01A5:  MOVWF  39
01A6:  MOVF   23,W
01A7:  MOVWF  40
01A8:  MOVF   22,W
01A9:  MOVWF  3F
01AA:  MOVF   21,W
01AB:  MOVWF  3E
01AC:  MOVF   20,W
01AD:  MOVWF  3D
01AE:  CALL   07A
01AF:  MOVF   20,W
01B0:  MOVWF  39
01B1:  MOVF   21,W
01B2:  MOVWF  3A
01B3:  MOVF   22,W
01B4:  MOVWF  3B
01B5:  MOVF   23,W
01B6:  MOVWF  3C
01B7:  CLRF   3E
01B8:  MOVF   33,W
01B9:  MOVWF  3D
01BA:  CALL   05C
01BB:  MOVF   23,W
01BC:  MOVWF  40
01BD:  MOVF   22,W
01BE:  MOVWF  3F
01BF:  MOVF   21,W
01C0:  MOVWF  3E
01C1:  MOVF   20,W
01C2:  MOVWF  3D
01C3:  MOVF   3C,W
01C4:  MOVWF  44
01C5:  MOVF   3B,W
01C6:  MOVWF  43
01C7:  MOVF   3A,W
01C8:  MOVWF  42
01C9:  MOVF   39,W
01CA:  MOVWF  41
01CB:  CALL   0F0
01CC:  BTFSC  03.0
01CD:  GOTO   1D0
01CE:  BTFSS  03.2
01CF:  GOTO   1D3
.................... 		return 1;}  
01D0:  MOVLW  01
01D1:  MOVWF  21
01D2:  GOTO   20A
....................     if(fluxoA > 1.6*fluxoB){  
01D3:  CLRF   3E
01D4:  MOVF   34,W
01D5:  MOVWF  3D
01D6:  CALL   05C
01D7:  MOVLW  CD
01D8:  MOVWF  3C
01D9:  MOVLW  CC
01DA:  MOVWF  3B
01DB:  MOVLW  4C
01DC:  MOVWF  3A
01DD:  MOVLW  7F
01DE:  MOVWF  39
01DF:  MOVF   23,W
01E0:  MOVWF  40
01E1:  MOVF   22,W
01E2:  MOVWF  3F
01E3:  MOVF   21,W
01E4:  MOVWF  3E
01E5:  MOVF   20,W
01E6:  MOVWF  3D
01E7:  CALL   07A
01E8:  MOVF   20,W
01E9:  MOVWF  35
01EA:  MOVF   21,W
01EB:  MOVWF  36
01EC:  MOVF   22,W
01ED:  MOVWF  37
01EE:  MOVF   23,W
01EF:  MOVWF  38
01F0:  CLRF   3E
01F1:  MOVF   33,W
01F2:  MOVWF  3D
01F3:  CALL   05C
01F4:  MOVF   38,W
01F5:  MOVWF  40
01F6:  MOVF   37,W
01F7:  MOVWF  3F
01F8:  MOVF   36,W
01F9:  MOVWF  3E
01FA:  MOVF   35,W
01FB:  MOVWF  3D
01FC:  MOVF   23,W
01FD:  MOVWF  44
01FE:  MOVF   22,W
01FF:  MOVWF  43
0200:  MOVF   21,W
0201:  MOVWF  42
0202:  MOVF   20,W
0203:  MOVWF  41
0204:  CALL   0F0
0205:  BTFSS  03.0
0206:  GOTO   20A
.................... 		return 2;}  
0207:  MOVLW  02
0208:  MOVWF  21
0209:  GOTO   20A
.................... }  
020A:  RETLW  00
....................    
....................   
.................... void main() {  
....................  	enable_interrupts(GLOBAL | INT_RB);  
020B:  CLRF   04
020C:  MOVLW  1F
020D:  ANDWF  03,F
020E:  BSF    03.5
020F:  BSF    1F.0
0210:  BSF    1F.1
0211:  BSF    1F.2
0212:  BCF    1F.3
*
0219:  MOVLW  C8
021A:  IORWF  0B,F
.................... 	while(TRUE){  
.................... 		output_d(0b00001100); //0 0 verde2 amar2 verm2 verde1 ama1 verm1  
021B:  MOVLW  00
021C:  BSF    03.5
021D:  MOVWF  08
021E:  MOVLW  0C
021F:  BCF    03.5
0220:  MOVWF  08
....................         verdeA = 1;  
0221:  MOVLW  01
0222:  MOVWF  30
.................... 		delay_ms(15000);  
0223:  MOVLW  3C
0224:  MOVWF  33
0225:  MOVLW  FA
0226:  MOVWF  34
0227:  CALL   050
0228:  DECFSZ 33,F
0229:  GOTO   225
....................         verdeA = 0;  
022A:  CLRF   30
....................     	tempo = compara(fluxo_a, fluxo_b);  
022B:  MOVF   2E,W
022C:  MOVWF  33
022D:  MOVF   2F,W
022E:  MOVWF  34
022F:  CALL   12F
0230:  MOVF   21,W
0231:  MOVWF  32
....................         fluxo_b = 0;  
0232:  CLRF   2F
.................... 		if(tempo == 0)  
0233:  MOVF   32,F
0234:  BTFSS  03.2
0235:  GOTO   23D
.................... 			delay_ms(15000);  
0236:  MOVLW  3C
0237:  MOVWF  33
0238:  MOVLW  FA
0239:  MOVWF  34
023A:  CALL   050
023B:  DECFSZ 33,F
023C:  GOTO   238
.................... 		if(tempo == 1)  
023D:  DECFSZ 32,W
023E:  GOTO   246
.................... 			delay_ms(20000);  
023F:  MOVLW  50
0240:  MOVWF  33
0241:  MOVLW  FA
0242:  MOVWF  34
0243:  CALL   050
0244:  DECFSZ 33,F
0245:  GOTO   241
.................... 		if(tempo == 2)  
0246:  MOVF   32,W
0247:  SUBLW  02
0248:  BTFSS  03.2
0249:  GOTO   251
.................... 			delay_ms(25000);  
024A:  MOVLW  64
024B:  MOVWF  33
024C:  MOVLW  FA
024D:  MOVWF  34
024E:  CALL   050
024F:  DECFSZ 33,F
0250:  GOTO   24C
.................... 	   output_d(0b00001010); // 0 0 verde2 amar2 verm2 verde1 ama1 verm1  
0251:  MOVLW  00
0252:  BSF    03.5
0253:  MOVWF  08
0254:  MOVLW  0A
0255:  BCF    03.5
0256:  MOVWF  08
....................       delay_ms(4000);  
0257:  MOVLW  10
0258:  MOVWF  33
0259:  MOVLW  FA
025A:  MOVWF  34
025B:  CALL   050
025C:  DECFSZ 33,F
025D:  GOTO   259
....................       output_d(0b00100001); //0 0 verde2 amar2 verm2 verde1 ama1 verm1  
025E:  MOVLW  00
025F:  BSF    03.5
0260:  MOVWF  08
0261:  MOVLW  21
0262:  BCF    03.5
0263:  MOVWF  08
....................         verdeB = 1;  
0264:  MOVLW  01
0265:  MOVWF  31
.................... 		delay_ms(15000);  
0266:  MOVLW  3C
0267:  MOVWF  33
0268:  MOVLW  FA
0269:  MOVWF  34
026A:  CALL   050
026B:  DECFSZ 33,F
026C:  GOTO   268
....................         verdeB = 0;  
026D:  CLRF   31
....................     	tempo = compara(fluxo_b, fluxo_a);  
026E:  MOVF   2F,W
026F:  MOVWF  33
0270:  MOVF   2E,W
0271:  MOVWF  34
0272:  CALL   12F
0273:  MOVF   21,W
0274:  MOVWF  32
....................         fluxo_a = 0;  
0275:  CLRF   2E
.................... 		if(tempo == 0)  
0276:  MOVF   32,F
0277:  BTFSS  03.2
0278:  GOTO   280
.................... 			delay_ms(15000);  
0279:  MOVLW  3C
027A:  MOVWF  33
027B:  MOVLW  FA
027C:  MOVWF  34
027D:  CALL   050
027E:  DECFSZ 33,F
027F:  GOTO   27B
.................... 		if(tempo == 1)  
0280:  DECFSZ 32,W
0281:  GOTO   289
.................... 			delay_ms(20000);  
0282:  MOVLW  50
0283:  MOVWF  33
0284:  MOVLW  FA
0285:  MOVWF  34
0286:  CALL   050
0287:  DECFSZ 33,F
0288:  GOTO   284
.................... 		if(tempo == 2)  
0289:  MOVF   32,W
028A:  SUBLW  02
028B:  BTFSS  03.2
028C:  GOTO   294
.................... 			delay_ms(25000);  
028D:  MOVLW  64
028E:  MOVWF  33
028F:  MOVLW  FA
0290:  MOVWF  34
0291:  CALL   050
0292:  DECFSZ 33,F
0293:  GOTO   28F
.................... 	   output_d(0b00010001); // 0 0 verde2 amar2 verm2 verde1 ama1 verm1  
0294:  MOVLW  00
0295:  BSF    03.5
0296:  MOVWF  08
0297:  MOVLW  11
0298:  BCF    03.5
0299:  MOVWF  08
....................       delay_ms(4000);  
029A:  MOVLW  10
029B:  MOVWF  33
029C:  MOVLW  FA
029D:  MOVWF  34
029E:  CALL   050
029F:  DECFSZ 33,F
02A0:  GOTO   29C
....................    }  
02A1:  GOTO   21B
.................... }  
....................  
02A2:  SLEEP

Configuration Fuses:
   Word  1: 3FF9   XT NOWDT NOPUT NOPROTECT LVP NOCPD NOWRT BROWNOUT NODEBUG
