
ROM used: 107 (3%)
          107 (3%) including unused fragments

          0 Average locations per line
          7 Average locations per statement

RAM used: 6 (3%) at main() level
          7 (4%) worst case

Lines Stmts  %   Files
----- ----- ---  -----
   32    15 100  C:\PICC\semaforo.c
  277     0   0  C:\PICC\devices\16f874.h
----- -----
  618    30 Total

Page ROM  %  RAM  Functions:
---- --- --- ---  ----------
0     12  11   1  @delay_ms1
0     91  85   1  main

 Segment   Used  Free
---------  ----  ----
00000-00003     4  0
00004-007FF   103  1941
00800-00FFF     0  2048

