CCS PCM C Compiler, Version 3.203, 16465

               Filename: C:\Users\alenc\Downloads\PICC\semaforo_inteligente.LST

               ROM used: 85 words (2%)
                         Largest free fragment is 2048
               RAM used: 7 (4%) at main() level
                         8 (4%) worst case
               Stack:    1 locations

*
0000:  MOVLW  00
0001:  MOVWF  0A
0002:  GOTO   010
0003:  NOP
....................  #include <16F874.h>   //Biblioteca do PIC utilizado   
....................  //////// Standard Header file for the PIC16F874 device ////////////////  
.................... #device PIC16F874  
.................... #list  
....................  
....................   
.................... #use delay(clock=1000000)  
0004:  MOVLW  27
0005:  MOVWF  04
0006:  MOVF   00,W
0007:  BTFSC  03.2
0008:  GOTO   00F
0009:  MOVLW  52
000A:  MOVWF  20
000B:  DECFSZ 20,F
000C:  GOTO   00B
000D:  DECFSZ 00,F
000E:  GOTO   009
000F:  RETLW  00
.................... #fuses XT,NOWDT,NOPUT  
....................   
.................... void main() {  
....................   
0010:  CLRF   04
0011:  MOVLW  1F
0012:  ANDWF  03,F
0013:  BSF    03.5
0014:  BSF    1F.0
0015:  BSF    1F.1
0016:  BSF    1F.2
0017:  BCF    1F.3
....................   while(TRUE){  
....................      output_c(0b00100001);  
0018:  MOVLW  FF
0019:  BCF    03.5
001A:  MOVWF  25
001B:  MOVLW  00
001C:  MOVWF  25
001D:  BSF    03.5
001E:  MOVWF  07
001F:  MOVLW  21
0020:  BCF    03.5
0021:  MOVWF  07
....................      delay_ms(15000);  
0022:  MOVLW  3C
0023:  MOVWF  26
0024:  MOVLW  FA
0025:  MOVWF  27
0026:  CALL   004
0027:  DECFSZ 26,F
0028:  GOTO   024
....................      output_c(0b00010001);  
0029:  MOVLW  00
002A:  MOVWF  25
002B:  BSF    03.5
002C:  MOVWF  07
002D:  MOVLW  11
002E:  BCF    03.5
002F:  MOVWF  07
....................      delay_ms(2000);  
0030:  MOVLW  08
0031:  MOVWF  26
0032:  MOVLW  FA
0033:  MOVWF  27
0034:  CALL   004
0035:  DECFSZ 26,F
0036:  GOTO   032
....................      output_c(0b00001100);  
0037:  MOVLW  00
0038:  MOVWF  25
0039:  BSF    03.5
003A:  MOVWF  07
003B:  MOVLW  0C
003C:  BCF    03.5
003D:  MOVWF  07
....................      delay_ms(15000);  
003E:  MOVLW  3C
003F:  MOVWF  26
0040:  MOVLW  FA
0041:  MOVWF  27
0042:  CALL   004
0043:  DECFSZ 26,F
0044:  GOTO   040
....................      output_c(0b00001010);  
0045:  MOVLW  00
0046:  MOVWF  25
0047:  BSF    03.5
0048:  MOVWF  07
0049:  MOVLW  0A
004A:  BCF    03.5
004B:  MOVWF  07
....................      delay_ms(2000);  
004C:  MOVLW  08
004D:  MOVWF  26
004E:  MOVLW  FA
004F:  MOVWF  27
0050:  CALL   004
0051:  DECFSZ 26,F
0052:  GOTO   04E
....................      }  
0053:  GOTO   01B
.................... }  
....................  
0054:  SLEEP

Configuration Fuses:
   Word  1: 3FF9   XT NOWDT NOPUT NOPROTECT LVP NOCPD NOWRT BROWNOUT NODEBUG
