CCS PCM C Compiler, Version 3.203, 16465

               Filename: C:\PICC\semaforo.LST

               ROM used: 107 words (3%)
                         Largest free fragment is 2048
               RAM used: 6 (3%) at main() level
                         7 (4%) worst case
               Stack:    1 locations

*
0000:  MOVLW  00
0001:  MOVWF  0A
0002:  GOTO   010
0003:  NOP
....................  #include <16f874.h> 
....................  //////// Standard Header file for the PIC16F874 device ////////////////  
.................... #device PIC16F874  
.................... #list  
....................  
....................   
.................... #use delay(clock=1000000)  
0004:  MOVLW  27
0005:  MOVWF  04
0006:  MOVF   00,W
0007:  BTFSC  03.2
0008:  GOTO   00F
0009:  MOVLW  52
000A:  MOVWF  20
000B:  DECFSZ 20,F
000C:  GOTO   00B
000D:  DECFSZ 00,F
000E:  GOTO   009
000F:  RETLW  00
.................... #fuses XT,NOWDT,NOPUT  
....................   
.................... void main() {  
....................   
0010:  CLRF   04
0011:  MOVLW  1F
0012:  ANDWF  03,F
0013:  BSF    03.5
0014:  BSF    1F.0
0015:  BSF    1F.1
0016:  BSF    1F.2
0017:  BCF    1F.3
....................    enable_interrupts(GLOBAL | INT_RB);  
0018:  MOVLW  C8
0019:  BCF    03.5
001A:  IORWF  0B,F
....................   
....................    while(TRUE){  
....................   
....................       // output_d(0b76543210)  
....................       output_d(0b00001100);   // A - verd B - verm  
001B:  MOVLW  00
001C:  BSF    03.5
001D:  MOVWF  08
001E:  MOVLW  0C
001F:  BCF    03.5
0020:  MOVWF  08
....................       delay_ms(30000);  
0021:  MOVLW  78
0022:  MOVWF  26
0023:  MOVLW  FA
0024:  MOVWF  27
0025:  CALL   004
0026:  DECFSZ 26,F
0027:  GOTO   023
....................         
....................       output_d(0b00001010);   // A - amar B - verm  
0028:  MOVLW  00
0029:  BSF    03.5
002A:  MOVWF  08
002B:  MOVLW  0A
002C:  BCF    03.5
002D:  MOVWF  08
....................       delay_ms(4000);  
002E:  MOVLW  10
002F:  MOVWF  26
0030:  MOVLW  FA
0031:  MOVWF  27
0032:  CALL   004
0033:  DECFSZ 26,F
0034:  GOTO   030
....................   
....................       output_d(0b00001001);   // A - verm B - verm  
0035:  MOVLW  00
0036:  BSF    03.5
0037:  MOVWF  08
0038:  MOVLW  09
0039:  BCF    03.5
003A:  MOVWF  08
....................       delay_ms(2000);  
003B:  MOVLW  08
003C:  MOVWF  26
003D:  MOVLW  FA
003E:  MOVWF  27
003F:  CALL   004
0040:  DECFSZ 26,F
0041:  GOTO   03D
....................   
....................       output_d(0b00100001);   // A - verm B - verd  
0042:  MOVLW  00
0043:  BSF    03.5
0044:  MOVWF  08
0045:  MOVLW  21
0046:  BCF    03.5
0047:  MOVWF  08
....................       delay_ms(30000);  
0048:  MOVLW  78
0049:  MOVWF  26
004A:  MOVLW  FA
004B:  MOVWF  27
004C:  CALL   004
004D:  DECFSZ 26,F
004E:  GOTO   04A
....................         
....................       output_d(0b00010001);   // A - verm B - amar  
004F:  MOVLW  00
0050:  BSF    03.5
0051:  MOVWF  08
0052:  MOVLW  11
0053:  BCF    03.5
0054:  MOVWF  08
....................       delay_ms(4000);  
0055:  MOVLW  10
0056:  MOVWF  26
0057:  MOVLW  FA
0058:  MOVWF  27
0059:  CALL   004
005A:  DECFSZ 26,F
005B:  GOTO   057
....................         
....................       output_d(0b00001001);   // A - verm B - verm  
005C:  MOVLW  00
005D:  BSF    03.5
005E:  MOVWF  08
005F:  MOVLW  09
0060:  BCF    03.5
0061:  MOVWF  08
....................       delay_ms(2000);  
0062:  MOVLW  08
0063:  MOVWF  26
0064:  MOVLW  FA
0065:  MOVWF  27
0066:  CALL   004
0067:  DECFSZ 26,F
0068:  GOTO   064
....................   }  
0069:  GOTO   01B
.................... }  
....................  
006A:  SLEEP

Configuration Fuses:
   Word  1: 3FF9   XT NOWDT NOPUT NOPROTECT LVP NOCPD NOWRT BROWNOUT NODEBUG
