
ROM used: 675 (16%)
          675 (16%) including unused fragments

          2 Average locations per line
          14 Average locations per statement

RAM used: 20 (11%) at main() level
          40 (21%) worst case

Lines Stmts  %   Files
----- ----- ---  -----
   67    48 100  C:\PICC\semaforoINTELIGENTE.c
  277     0   0  C:\PICC\16f874.h
----- -----
  688    96 Total

Page ROM  %  RAM  Functions:
---- --- --- ---  ----------
0     12   2   1  @delay_ms1
0     27   4   1  trata_rb
0    220  33  10  compara
0     30   4   2  @ITOF
0    118  17  13  @MULFF
0     63   9  10  @FLT
0    152  23   1  main

 Segment   Used  Free
---------  ----  ----
00000-00003     4  0
00004-00034    49  0
00035-007FF   622  1373
00800-00FFF     0  2048

