
ROM used: 85 (2%)
          85 (2%) including unused fragments

          0 Average locations per line
          8 Average locations per statement

RAM used: 7 (4%) at main() level
          8 (4%) worst case

Lines Stmts  %   Files
----- ----- ---  -----
   19    10 100  C:\Users\alenc\Downloads\PICC\semaforo_inteligente.c
  277     0   0  C:\Users\alenc\Downloads\PICC\16F874.h
----- -----
  592    20 Total

Page ROM  %  RAM  Functions:
---- --- --- ---  ----------
0     12  14   1  @delay_ms1
0     69  81   1  main

 Segment   Used  Free
---------  ----  ----
00000-00003     4  0
00004-007FF    81  1963
00800-00FFF     0  2048

